Вы попали в аварию. Стоит следить за дорогой.
Убийство. Вы и убили-с!
Вы попали в аварию. Стоит следить за дорогой.
Пьянство. Пьянству бой!
Пьянство. Пьянству бой!
Пьянство. Пьянству бой!
Пьянство. Пьянству бой!
Пьянство. Пьянству бой!
Убийство. Вы и убили-с!
Пьянство. Пьянству бой!
Вы попали в аварию. Стоит следить за дорогой.
Вы попали в аварию. Стоит следить за дорогой.
Вы попали в аварию. Стоит следить за дорогой.
Убийство. Вы и убили-с!
Пьянство. Пьянству бой!
Вы обожрались. Следует сократить порции.
На вас напала хандра. Уныние - грех.
Вы обожрались. Следует сократить порции.
Пьянство. Пьянству бой!
Вы обожрались. Следует сократить порции.
Вы обожрались. Следует сократить порции.
